1491019200,357761,
1493611200,360470,
1496289600,363402,
1498881600,366813,
1501560000,370187,
1504238400,373553,
1506830400,376631,1
1509508800,380374,2
1512104400,384016,3
1514782800,387686,4
1517461200,391977,5
1519880400,395714,6
1522555200,400026,7
1525147200,404133,8
1527825600,408378,9
1530417600,412853,10
1533096000,417487,11
1535774400,421913,12
1538366400,426388,13
1541044800,430728,14
1543640400,435672,15
1546318800,439595,16
1548997200,444390,17
1551416400,449125,18
1554091200,454635,19
1556683200,459736,20
1559361600,464899,21
1561953600,469732,22
1564632000,474827,23
1567310400,479734,24
1569902400,484763,25
1572580800,489669,26
1575176400,494589,27
1577854800,499484,28
1580533200,504513,29
1583038800,509103,30
1585713600,514587,31
1588305600,520061,32
1590984000,525763,33
1593576000,530980,34
1596254400,536376,35
1598932800,541605,36
1601524800,546973,37
1604203200,552783,38
1606798800,559318,39
